C:\Users\USER\SpaceInvader_Personal>vim newfile.txt     
                                                                                                                                                              
C:\Users\USER\SpaceInvader_Personal>git add newfile.txt

C:\Users\USER\SpaceInvader_Personal>vim newfile.txt 

C:\Users\USER\SpaceInvader_Personal>git commit newfile.txt
hint: Waiting for your editor to close the file...
--- Autocommands ---
Error detected while processing /etc/vimrc:
line   43:
E10: \ should be followed by /, ? or &
line   44:
E10: \ should be followed by /, ? or &
line   45:
E10: \ should be followed by /, ? or &
line   46:
E10: \ should be followed by /, ? or &
line   47:
E10: \ should be followed by /, ? or &
line   48:
E10: \ should be followed by /, ? or &
line   53:
E10: \ should be followed by /, ? or &
line   54:
E10: \ should be followed by /, ? or &
Press ENTER or type command to continue

# Please enter the commit message for your changes. Lines starting
# with '#' will be ignored, and an empty message aborts the commit.
#
# On branch master
# Your branch is up to date with 'origin/master'.
#
# Changes to be committed:
#       new file:   newfile.txt
#
# Untracked files:
#       .Test.txt.un~
#       .newfile.txt.un~
#       Test.txt~
#       _.swn
#       _.swo
#       _.swp
#       newfile.txt~
#
Adding newfile.txt
Updated newfile.txt "Hello, World!"
~                                                                                                                                                                                                                     ~                                                                                                                                                                                                                     ~                                                                                                                                                                                                                     ~                                                                                                                                                                                                                     ~                                                                                                                                                                                                                     ~                                                                                                                                                                                                                     ~
[master 60a6c25] Adding newfile.txt Updated newfile.txt "Hello, World!"
 1 file changed, 3 insertions(+)
 create mode 100644 newfile.txt

C:\Users\USER\SpaceInvader_Personal>git push
Enumerating objects: 4, done.
Counting objects: 100% (4/4), done.
Delta compression using up to 12 threads
Compressing objects: 100% (3/3), done.
Writing objects: 100% (3/3), 348 bytes | 348.00 KiB/s, done.
Total 3 (delta 0), reused 0 (delta 0), pack-reused 0
To https://github.com/gmhan99/SpaceInvader_Personal
   5be190b..60a6c25  master -> master

C:\Users\USER\SpaceInvader_Personal>git branch branch_newfile
~
C:\Users\USER\SpaceInvader_Personal>git checkout branch_newfile
Switched to branch 'branch_newfile'

C:\Users\USER\SpaceInvader_Personal>vim newfile.txt                                                                                                                                                                   
C:\Users\USER\SpaceInvader_Personal>git commit newfile.txt
hint: Waiting for your editor to close the file...
--- Autocommands ---
Error detected while processing /etc/vimrc:
line   43:
E10: \ should be followed by /, ? or &
line   44:
E10: \ should be followed by /, ? or &
line   45:
E10: \ should be followed by /, ? or &
line   46:
E10: \ should be followed by /, ? or &
line   47:
E10: \ should be followed by /, ? or &
line   48:
E10: \ should be followed by /, ? or &
line   53:
E10: \ should be followed by /, ? or &
line   54:
E10: \ should be followed by /, ? or &
Press ENTER or type command to continue

# Please enter the commit message for your changes. Lines starting
# with '#' will be ignored, and an empty message aborts the commit
#
# On branch master
# Your branch is up to date with 'origin/master'.
# 
# Changes to be committed:
#       new file:   newfile.txt 
#
# Untracked files:
#       .Test.txt.un~  
                                                                                                                                                                                               
# Please enter the commit message for your changes. Lines starting
# with '#' will be ignored, and an empty message aborts the commit.
#
# On branch branch_newfile
# Changes to be committed:
#       modified:   newfile.txt
#
# Untracked files:
#       .Test.txt.un~
#       .newfile.txt.un~
#       Test.txt~
#       _.swn
#       _.swo
#       _.swp
#       newfile.txt~
#
Adding new text
deleting line no.1

[branch_newfile 4f3c6aa] Adding new text deleting line no.1
 1 file changed, 4 insertions(+), 1 deletion(-)
~
C:\Users\USER\SpaceInvader_Personal>git branch
  branch1
* branch_newfile
  master

C:\Users\USER\SpaceInvader_Personal>git checkout master
Switched to branch 'master'
Your branch is up to date with 'origin/master'.

C:\Users\USER\SpaceInvader_Personal>git merge branch_newfile
Updating 60a6c25..4f3c6aa
Fast-forward
 newfile.txt | 5 ++++-
 1 file changed, 4 insertions(+), 1 deletion(-)

C:\Users\USER\SpaceInvader_Personal>git log
commit 4f3c6aa77a9521445b7bac1fcb1eb282c25d0a97 (HEAD -> master, branch_newfile)
Author: gmhan99 <gmhan99@gmail.com>
Date:   Fri Sep 17 17:56:17 2021 +0900

    Adding new text
    deleting line no.1

commit 60a6c25b3081f07136a1357e82167b9b935de696 (origin/master)
Author: gmhan99 <gmhan99@gmail.com>
Date:   Fri Sep 17 17:52:48 2021 +0900

    Adding newfile.txt
    Updated newfile.txt "Hello, World!"

commit 5be190bf49c3686e0f71ed73a6ba945d4d5ab35e (branch1)
Author: gmhan99 <gmhan99@gmail.com>
Date:   Fri Sep 17 17:43:17 2021 +0900

    Ver 1.3
    Make branch "branch1"
    adding version information

commit 7f79d51dedecc7ff40d000b4c6ca507c64044b59
Author: gmhan99 <gmhan99@gmail.com>
Date:   Fri Sep 17 17:40:24 2021 +0900

    Adding another new text to "Test.txt"

commit e72ce69fa137231282b152ea2b014bb80f269cf8
Author: gmhan99 <gmhan99@gmail.com>
Date:   Fri Sep 17 17:36:44 2021 +0900

    Adding new file "Test.txt"